### FIXED_PATH idx=1 key=FpPipeline_fregister_read_exe_reg_rs2_data_0_reg_25_->iregister_read_exe_reg_rs2_data_1_reg_9_#1
# Startpoint: FpPipeline_fregister_read_exe_reg_rs2_data_0_reg_25_
# Endpoint: iregister_read_exe_reg_rs2_data_1_reg_9_
# Path Group: myCLK
# Path Type: max
# Slack: VIOLATED -0.054488
path_segment	victim_net	aggressor_net	crosstalk_delta	aggressor_bump	number_of_aggressors	victim_load_pin	victim_load_min_arrival	victim_load_max_arrival	aggressor_driver_pin	aggressor_driver_min_arrival	aggressor_driver_max_arrival	aggressor_driver_slew_max	coupling_cap_ff
launch_clock	clock	0	0	0	0	ZCTSBUF_824211_22831/Y	0.024772	0.026210	0	0	0	0	0
launch_clock	ZCTSNET_6904	0	0	0	392	ZCTSINV_497954_21676/A	0.029078	0.030122	0	0	0	0	0
launch_clock	ZCTSNET_6160	0	0	0	96	ccd_setup_inst_30328/A	0.053449	0.066950	0	0	0	0	0
launch_clock	ccd_setup_11	0	0	0	18	ZCTSBUF_485142_21549/A	0.070514	0.083593	0	0	0	0	0
launch_clock	ZCTSNET_6105	0	0	0	161	ZCTSINV_447504_21529/A	0.090694	0.103757	0	0	0	0	0
launch_clock	ZCTSNET_6094	ZCTSNET_6105	0.000539409	0.013428	124	ZCTSBUF_441233_21521/A	0.111720	0.129038	ZCTSBUF_485142_21549/Y	0.080948	0.094011	0.012128	0.196000
launch_clock	ZCTSNET_6090	0	0	0	103	FpPipeline_fregister_read_exe_reg_rs2_data_0_reg_25_/CLK	0.147780	0.171346	0	0	0	0	0
data	FpPipeline_fpu_exe_unit_FPUUnit_fpu__fpiu_io_in_bits_req_in2_prev_prev_expOut_commonCase_T_2_2_	FpPipeline_fpu_exe_unit_FPUUnit_fpu__fpiu_io_in_bits_req_in2_prev_prev_expOut_commonCase_T_2_5_	0.0116151	0.048418	151	HFSBUF_414_2419/A	0.226788	0.266722	FpPipeline_fregister_read_exe_reg_rs2_data_0_reg_28_/Q	0.210128	0.231226	0.090375	0.609000
data	FpPipeline_fpu_exe_unit_FPUUnit_fpu__fpiu_io_in_bits_req_in2_prev_prev_expOut_commonCase_T_2_2_	gre_a_INV_857_152	0.0116151	0.023423	151	HFSBUF_414_2419/A	0.226788	0.266722	gre_a_INV_857_inst_30831/Y	0.245628	0.295891	0.068285	0.315000
data	FpPipeline_fpu_exe_unit_FPUUnit_fpu__fpiu_io_in_bits_req_in2_prev_prev_expOut_commonCase_T_2_2_	gre_a_BUF_738_152	0.0116151	0.016968	151	HFSBUF_414_2419/A	0.226788	0.266722	gre_a_BUF_738_inst_30818/Y	0.231678	0.265825	0.017589	0.177000
data	HFSNET_1763	n43623	0.00081077	0.020295	96	U28734/B	0.259765	0.301810	U52286/Y	0.246272	0.455615	0.025222	0.157000
data	n42941	0	0	0	27	U32958/B	0.273497	0.322113	0	0	0	0	0
data	n43768	0	0	0	127	gre_a_INV_799_inst_31855/A	0.319530	0.387438	0	0	0	0	0
data	gre_a_INV_799_165	0	0	0	75	U51994/A1	0.364504	0.434405	0	0	0	0	0
data	n43552	n43594	0.00149944	0.018494	36	U52220/A1	0.263997	0.458878	U51445/Y	0.285422	0.420764	0.030509	0.046000
data	n43552	n43807	0.00149944	0.012864	36	U52220/A1	0.263997	0.458878	U52437/Y	0.285304	0.484792	0.023221	0.025000
data	n43552	HFSNET_4012	0.00149944	0.010987	36	U52220/A1	0.263997	0.458878	HFSBUF_1233_7244/Y	0.204571	0.216982	0.018676	0.030000
data	n43554	gre_a_INV_559_152	0.000600177	0.016312	9	ctmTdsLR_2_24381/C	0.274158	0.481570	gre_a_INV_559_inst_30801/Y	0.224479	0.284584	0.041129	0.032000
data	n43554	FpPipeline__fregister_read_io_exe_reqs_0_bits_rs2_data_1_	0.000600177	0.014664	9	ctmTdsLR_2_24381/C	0.274158	0.481570	FpPipeline_fregister_read_exe_reg_rs2_data_0_reg_1_/Q	0.205330	0.228829	0.079638	0.035000
data	tmp_net2915	0	0	0	0	ctmTdsLR_1_24380/B	0.280034	0.489677	0	0	0	0	0
data	n76884	n76890	0.0257155	0.134770	156	U52224/A1	0.275029	0.566953	ctmTdsLR_1_24781/Y	0.270354	0.574389	0.068178	1.360000
data	n76884	n76832	0.0257155	0.062365	156	U52224/A1	0.275029	0.566953	U52684/Y	0.256965	0.476915	0.035333	0.621000
data	n76884	n43557	0.0257155	0.022691	156	U52224/A1	0.275029	0.566953	U52222/Y	0.177829	0.528429	0.019162	0.177000
data	n43558	copt_gre_net_6694	0.00354997	0.071642	38	U52225/C	0.188768	0.599441	copt_gre_mt_inst_28786/Y	0.209254	0.501761	0.037468	0.222000
data	n43558	FpPipeline_fpu_exe_unit_fp_sdq_ram_ext_Memory[137]	0.00354997	0.013306	38	U52225/C	0.188768	0.599441	FpPipeline_fpu_exe_unit_fp_sdq_ram_ext_Memory_reg_0__9_/Q	0.170318	0.177937	0.018152	0.027000
data	n43560	n43260	0.00217238	0.046205	33	U52226/C	0.153627	0.621549	U51897/Y	0.153985	0.645739	0.030245	0.067000
data	n43560	n76667	0.00217238	0.011475	33	U52226/C	0.153627	0.621549	U27640/Y	0.185145	0.372138	0.023102	0.031000
data	aps_rename_113_	FpPipeline_fpu_exe_unit_queue_ram_ext_Memory[105]	0.00137706	0.033311	42	HFSBUF_147_338/A	0.148262	0.645941	FpPipeline_fpu_exe_unit_queue_ram_ext_Memory_reg_5__41_/Q	0.127041	0.133161	0.018976	0.098000
data	aps_rename_113_	FpPipeline_fpu_exe_unit_queue_ram_ext_Memory[329]	0.00137706	0.017182	42	HFSBUF_147_338/A	0.148262	0.645941	FpPipeline_fpu_exe_unit_queue_ram_ext_Memory_reg_1__9_/Q	0.125170	0.131034	0.017870	0.049000
data	io_lsu_fp_stdata_bits_data[9]	io_lsu_fp_stdata_bits_data[34]	0.0447847	0.261269	162	U52227/B2	0.192720	0.760836	ZBUF_26_inst_20866/Y	0.155720	0.605543	0.007171	3.798000
data	io_lsu_fp_stdata_bits_data[9]	io_lsu_fp_stdata_bits_data[16]	0.0447847	0.057711	162	U52227/B2	0.192720	0.760836	ZBUF_30_inst_20868/Y	0.153840	0.681529	0.006975	0.796000
data	io_lsu_fp_stdata_bits_data[9]	iregfile_regfile_ext/n6191_CDR1	0.0447847	0.033219	162	U52227/B2	0.192720	0.760836	iregfile_regfile_ext/U7301/Y	0.323032	0.711263	0.032399	0.444000
data	io_lsu_fp_stdata_bits_data[9]	io_lsu_fp_stdata_bits_data[12]	0.0447847	0.027924	162	U52227/B2	0.192720	0.760836	gre_INV_72_inst_29412/Y	0.223869	0.742870	0.056052	0.503000
data	n74980	HFSNET_3446	0.0772893	0.179052	98	HFSBUF_974_6099/A	0.026987	0.933243	HFSBUF_821_6121/Y	0.024308	0.828599	0.010579	1.728000
data	n74980	gre_INV_2013_126	0.0772893	0.165471	98	HFSBUF_974_6099/A	0.026987	0.933243	gre_INV_2013_inst_29184/Y	0.032146	0.802667	0.056027	1.939000
data	n74980	HFSNET_3411	0.0772893	0.042726	98	HFSBUF_974_6099/A	0.026987	0.933243	HFSBUF_688_6039/Y	0.070010	0.754009	0.049055	0.473000
data	HFSNET_3436	iregfile_regfile_ext/n7441_CDR1	0.00203432	0.020798	311	HFSBUF_241_6096/A	0.104687	1.017079	iregfile_regfile_ext/U8581/Y	0.201032	0.563399	0.034198	0.647000
data	HFSNET_3435	iregfile_regfile_ext/n10291_CDR1	0.00156548	0.011917	214	U55438/A1	0.167021	1.093672	iregfile_regfile_ext/U11259/Y	0.194284	0.573876	0.028218	0.138000
data	n46938	n74981	0.00336847	0.047761	19	U55439/B	0.175203	1.118274	U55437/Y	0.192305	0.885352	0.024364	0.073000
data	n46938	iregfile__regfile_ext_R0_data[9]	0.00336847	0.036866	19	U55439/B	0.175203	1.118274	iregfile_regfile_ext/U3261/Y	0.210125	0.673870	0.022646	0.044000
data	n46938	HFSNET_3588	0.00336847	0.016739	19	U55439/B	0.175203	1.118274	HFSINV_312_6590/Y	0.118498	0.674978	0.025466	0.026000
data	n46940	0	0	0	0	U55441/B	0.170626	1.129880	0	0	0	0	0
data	n46941	n75021	0.000862959	0.025224	12	U55442/B	0.131252	1.142460	U84277/Y	0.172982	0.588581	0.025624	0.026000
data	iregister_read_N1030	0	0	0	60	iregister_read_exe_reg_rs2_data_1_reg_9_/D	0.145988	1.162147	0	0	0	0	0
capture_clock	clock	0	0	0	0	ZCTSBUF_824211_22831/Y	0.024772	0.026210	0	0	0	0	0
capture_clock	ZCTSNET_6904	0	0	0	392	ZCTSBUF_301370_22174/A	0.031443	0.032523	0	0	0	0	0
capture_clock	ZCTSNET_6464	0	0	0	165	ZCTSBUF_282035_22137/A	0.060709	0.068090	0	0	0	0	0
capture_clock	ZCTSNET_6439	0	0	0	212	iregister_read_exe_reg_rs2_data_1_reg_9_/CLK	0.106958	0.120365	0	0	0	0	0

